// Vitest Snapshot v1, https://vitest.dev/guide/snapshot.html

exports[`Matches Snapshot 1`] = `
.emotion-0 {
  position: absolute;
  right: 40px;
  background-color: var(--background);
  border-radius: var(--border-radius);
  padding: 10px;
  margin: 10px;
  z-index: var(--z-layer-2);
}

.emotion-2 {
  display: -webkit-box;
  display: -webkit-flex;
  display: -ms-flexbox;
  display: flex;
  -webkit-flex-direction: row;
  -ms-flex-direction: row;
  flex-direction: row;
  -webkit-box-pack: justify;
  -webkit-justify-content: space-between;
  justify-content: space-between;
  margin-bottom: 10px;
}

.emotion-4 {
  -webkit-transition: filter 0.3s ease;
  transition: filter 0.3s ease;
  -webkit-filter: brightness(100%);
  filter: brightness(100%);
  border: none;
  border-radius: var(--input-border-radius);
  font-size: inherit;
  box-shadow: 0px 4px 10px rgba(0, 0, 0, 0.25);
  margin: 5px 0px;
  color: inherit;
  background-color: transparent;
  box-shadow: none;
  padding: 0;
}

.emotion-4:hover,
.emotion-4:focus {
  cursor: pointer;
}

.emotion-4:active,
.emotion-4:disabled {
  -webkit-filter: brightness(70%);
  filter: brightness(70%);
}

.emotion-4:hover,
.emotion-4:focus {
  cursor: pointer;
}

.emotion-6 {
  background-color: var(--background-layer);
  color: inherit;
  border-radius: var(--input-border-radius);
  border: none;
  padding: 5px;
}

.emotion-8 {
  display: -webkit-box;
  display: -webkit-flex;
  display: -ms-flexbox;
  display: flex;
  -webkit-align-items: center;
  -webkit-box-align: center;
  -ms-flex-align: center;
  align-items: center;
  gap: 10px;
  margin: 5px 0px;
}

.emotion-10 {
  -webkit-appearance: none;
  -moz-appearance: none;
  -ms-appearance: none;
  appearance: none;
  position: relative;
  width: 4rem;
  height: 2rem;
  border-radius: var(--border-radius);
  background-color: var(--background-layer);
  -webkit-transition: background-color 0.3s ease;
  transition: background-color 0.3s ease;
  outline: none;
  cursor: pointer;
}

.emotion-10::after {
  content: "";
  position: absolute;
  top: 50%;
  left: 30%;
  -webkit-transform: translate(-50%, -50%);
  -moz-transform: translate(-50%, -50%);
  -ms-transform: translate(-50%, -50%);
  transform: translate(-50%, -50%);
  border-radius: 50%;
  height: 1.25rem;
  width: 1.25rem;
  background-color: white;
  -webkit-transition: left 0.3s ease;
  transition: left 0.3s ease;
}

.emotion-10:checked {
  background-color: var(--primary);
}

.emotion-10:checked::after {
  left: 70%;
}

<div>
  <div
    class="leaflet-custom-control leaflet-control"
    style="cursor: pointer;"
  >
    <span>
      Gear
    </span>
  </div>
  <div
    class="leaflet-control emotion-0 emotion-1"
    style="display: none;"
  >
    <div
      class="emotion-2 emotion-3"
    >
      <h1
        style="font-weight: 500;"
      >
        Radar Settings
      </h1>
      <button
        class="emotion-4 emotion-5"
        style="margin: 0px;"
        type="button"
      >
        âœ•
      </button>
    </div>
    <label>
      <h2>
        Color Scheme
      </h2>
      <select
        class="emotion-6 emotion-7"
        style="font-size: 1.05rem;"
      >
        <option
          value="0"
        >
          Black and White
        </option>
        <option
          value="1"
        >
          Original
        </option>
        <option
          value="2"
        >
          Universal Blue
        </option>
        <option
          value="3"
        >
          TITAN
        </option>
        <option
          value="4"
        >
          The Weather Channel
        </option>
        <option
          value="5"
        >
          Meteored
        </option>
        <option
          value="6"
        >
          NEXRAD Level III
        </option>
        <option
          value="7"
        >
          Rainbow @ SELEX-SI
        </option>
        <option
          value="8"
        >
          Dark Sky
        </option>
      </select>
    </label>
    <label
      class="emotion-8 emotion-9"
    >
      <input
        checked=""
        class="emotion-10 emotion-11"
        type="checkbox"
      />
      <span>
        Smooth Radar
      </span>
    </label>
    <label
      class="emotion-8 emotion-9"
    >
      <input
        class="emotion-10 emotion-11"
        type="checkbox"
      />
      <span>
        Show Snow
      </span>
    </label>
    <span>
      Opacity
    </span>
  </div>
</div>
`;
