// Vitest Snapshot v1, https://vitest.dev/guide/snapshot.html

exports[`Renders bars for yIndex = 0 by default 1`] = `
.emotion-0 {
  position: relative;
  border: 1px solid #ffffff19;
  border-radius: var(--border-radius);
  overflow: hidden;
  width: 100%;
  height: 100%;
  display: block;
}

<div>
  <svg
    class="emotion-0 emotion-1"
    preserveAspectRatio="xMidYMid meet"
    viewBox="0 0 0 0"
  >
    <g>
      <rect
        width="1.8672199170124484"
        x="37.9253112033195"
        y="-26.666666666666664"
      />
      <rect
        width="1.8672199170124484"
        x="35.850622406639005"
        y="-26.666666666666664"
      />
      <rect
        width="1.8672199170124484"
        x="33.77593360995851"
        y="-26.666666666666664"
      />
      <rect
        width="1.8672199170124484"
        x="31.70124481327801"
        y="-26.666666666666664"
      />
      <rect
        width="1.8672199170124484"
        x="29.62655601659751"
        y="-26.666666666666664"
      />
      <rect
        width="1.8672199170124484"
        x="27.551867219917014"
        y="-26.666666666666664"
      />
      <rect
        width="1.8672199170124484"
        x="25.477178423236516"
        y="-26.666666666666664"
      />
      <rect
        width="1.8672199170124484"
        x="23.40248962655602"
        y="-26.666666666666664"
      />
      <rect
        width="1.8672199170124484"
        x="21.32780082987552"
        y="-26.666666666666664"
      />
      <rect
        width="1.8672199170124484"
        x="19.253112033195023"
        y="-26.666666666666664"
      />
      <rect
        width="1.8672199170124484"
        x="17.178423236514526"
        y="-26.666666666666664"
      />
      <rect
        width="1.8672199170124484"
        x="15.103734439834028"
        y="-26.666666666666664"
      />
      <rect
        width="1.8672199170124484"
        x="13.029045643153527"
        y="-26.666666666666664"
      />
      <rect
        width="1.8672199170124484"
        x="10.95435684647303"
        y="-26.666666666666664"
      />
      <rect
        width="1.8672199170124484"
        x="8.879668049792532"
        y="-26.666666666666664"
      />
      <rect
        width="1.8672199170124484"
        x="6.804979253112034"
        y="-26.666666666666664"
      />
      <rect
        width="1.8672199170124484"
        x="4.730290456431536"
        y="-26.666666666666664"
      />
      <rect
        width="1.8672199170124484"
        x="2.6556016597510386"
        y="-26.666666666666664"
      />
      <rect
        width="1.8672199170124484"
        x="0.5809128630705391"
        y="-26.666666666666664"
      />
      <rect
        width="1.8672199170124484"
        x="-1.4937759336099585"
        y="-26.666666666666664"
      />
      <rect
        width="1.8672199170124484"
        x="-3.568464730290456"
        y="-26.666666666666664"
      />
      <rect
        width="1.8672199170124484"
        x="-5.643153526970955"
        y="-26.666666666666664"
      />
      <rect
        width="1.8672199170124484"
        x="-7.717842323651453"
        y="-26.666666666666664"
      />
      <rect
        width="1.8672199170124484"
        x="-9.792531120331951"
        y="-26.666666666666664"
      />
    </g>
  </svg>
</div>
`;
