// Vitest Snapshot v1, https://vitest.dev/guide/snapshot.html

exports[`Renders a path for yIndex = 0 by default 1`] = `
.emotion-0 {
  position: relative;
  border: 1px solid #ffffff19;
  border-radius: var(--border-radius);
  overflow: hidden;
  width: 100%;
  height: 100%;
  display: block;
}

<div>
  <svg
    class="emotion-0 emotion-1"
    preserveAspectRatio="xMidYMid meet"
    viewBox="0 0 0 0"
  >
    <path
      d="M40,-30C39.275,-29.324,38.551,-28.647,37.826,-27.971C37.101,-27.295,36.377,-26.618,35.652,-25.942C34.928,-25.266,34.203,-24.589,33.478,-23.913C32.754,-23.237,32.029,-22.56,31.304,-21.884C30.58,-21.208,29.855,-20.531,29.13,-19.855C28.406,-19.179,27.681,-18.502,26.957,-17.826C26.232,-17.15,25.507,-16.473,24.783,-15.797C24.058,-15.121,23.333,-14.444,22.609,-13.768C21.884,-13.092,21.159,-12.415,20.435,-11.739C19.71,-11.063,18.986,-10.386,18.261,-9.71C17.536,-9.034,16.812,-8.357,16.087,-7.681C15.362,-7.005,14.638,-6.329,13.913,-5.652C13.188,-4.976,12.464,-4.3,11.739,-3.623C11.014,-2.947,10.29,-2.271,9.565,-1.594C8.841,-0.918,8.116,-0.242,7.391,0.435C6.667,1.111,5.942,1.787,5.217,2.464C4.493,3.14,3.768,3.816,3.043,4.493C2.319,5.169,1.594,5.845,0.87,6.522C0.145,7.198,-0.58,7.874,-1.304,8.551C-2.029,9.227,-2.754,9.903,-3.478,10.58C-4.203,11.256,-4.928,11.932,-5.652,12.609C-6.377,13.285,-7.101,13.961,-7.826,14.638C-8.551,15.314,-9.275,15.99,-10,16.667"
      fill="none"
      stroke-dasharray="0"
      stroke-dashoffset="0"
    />
  </svg>
</div>
`;

exports[`Renders a path for yIndex = 1 1`] = `
.emotion-0 {
  position: relative;
  border: 1px solid #ffffff19;
  border-radius: var(--border-radius);
  overflow: hidden;
  width: 100%;
  height: 100%;
  display: block;
}

<div>
  <svg
    class="emotion-0 emotion-1"
    preserveAspectRatio="xMidYMid meet"
    viewBox="0 0 0 0"
  >
    <path
      d="M40,-30C39.275,-28.647,38.551,-27.295,37.826,-25.942C37.101,-24.589,36.377,-23.237,35.652,-21.884C34.928,-20.531,34.203,-19.179,33.478,-17.826C32.754,-16.473,32.029,-15.121,31.304,-13.768C30.58,-12.415,29.855,-11.063,29.13,-9.71C28.406,-8.357,27.681,-7.005,26.957,-5.652C26.232,-4.3,25.507,-2.947,24.783,-1.594C24.058,-0.242,23.333,1.111,22.609,2.464C21.884,3.816,21.159,5.169,20.435,6.522C19.71,7.874,18.986,9.227,18.261,10.58C17.536,11.932,16.812,13.285,16.087,14.638C15.362,15.99,14.638,17.343,13.913,18.696C13.188,20.048,12.464,21.401,11.739,22.754C11.014,24.106,10.29,25.459,9.565,26.812C8.841,28.164,8.116,29.517,7.391,30.87C6.667,32.222,5.942,33.575,5.217,34.928C4.493,36.28,3.768,37.633,3.043,38.986C2.319,40.338,1.594,41.691,0.87,43.043C0.145,44.396,-0.58,45.749,-1.304,47.101C-2.029,48.454,-2.754,49.807,-3.478,51.159C-4.203,52.512,-4.928,53.865,-5.652,55.217C-6.377,56.57,-7.101,57.923,-7.826,59.275C-8.551,60.628,-9.275,61.981,-10,63.333"
      fill="none"
      stroke-dasharray="0"
      stroke-dashoffset="0"
    />
  </svg>
</div>
`;
