// Vitest Snapshot v1, https://vitest.dev/guide/snapshot.html

exports[`Matches snapshot 1`] = `
.emotion-0 {
  -webkit-appearance: none;
  -moz-appearance: none;
  -ms-appearance: none;
  appearance: none;
  background: transparent;
  cursor: pointer;
  width: 100%;
}

.emotion-0::-webkit-slider-runnable-track {
  background-color: rgba(136, 136, 136, 0.5);
  border-radius: var(--border-radius);
}

.emotion-0::-webkit-slider-thumb {
  -webkit-appearance: none;
  -webkit-appearance: none;
  -moz-appearance: none;
  -ms-appearance: none;
  appearance: none;
  height: 10px;
  width: 10px;
  border-radius: var(--border-radius);
  background-color: #6498fa;
}

<div>
  <div
    class="leaflet-container leaflet-touch leaflet-grab leaflet-touch-drag leaflet-touch-zoom"
    style="position: relative;"
    tabindex="0"
  >
    <div
      class="leaflet-pane leaflet-map-pane"
      style="left: 0px; top: 0px;"
    >
      <div
        class="leaflet-pane leaflet-tile-pane"
        style="opacity: 0.8;"
      />
      <div
        class="leaflet-pane leaflet-overlay-pane"
      />
      <div
        class="leaflet-pane leaflet-shadow-pane"
      />
      <div
        class="leaflet-pane leaflet-marker-pane"
      />
      <div
        class="leaflet-pane leaflet-tooltip-pane"
      />
      <div
        class="leaflet-pane leaflet-popup-pane"
      />
    </div>
    <div
      class="leaflet-control-container"
    >
      <div
        class="leaflet-top leaflet-left"
      >
        <div
          class="leaflet-control-zoom leaflet-bar leaflet-control"
        >
          <a
            aria-disabled="false"
            aria-label="Zoom in"
            class="leaflet-control-zoom-in"
            href="#"
            role="button"
            title="Zoom in"
          >
            <span
              aria-hidden="true"
            >
              +
            </span>
          </a>
          <a
            aria-disabled="false"
            aria-label="Zoom out"
            class="leaflet-control-zoom-out"
            href="#"
            role="button"
            title="Zoom out"
          >
            <span
              aria-hidden="true"
            >
              âˆ’
            </span>
          </a>
        </div>
      </div>
      <div
        class="leaflet-top leaflet-right"
      />
      <div
        class="leaflet-bottom leaflet-left"
      />
      <div
        class="leaflet-bottom leaflet-right"
      >
        <div
          class="leaflet-control-attribution leaflet-control"
        >
          <a
            href="https://leafletjs.com"
            title="A JavaScript library for interactive maps"
          >
            Leaflet
          </a>
        </div>
      </div>
    </div>
    <div>
      <p
        style="text-align: center;"
      >
        Opacity: 
        80
      </p>
      <input
        class="emotion-0 emotion-1"
        max="100"
        min="0"
        step="1"
        title="Opacity"
        type="range"
        value="80"
      />
    </div>
  </div>
</div>
`;
