// Vitest Snapshot v1, https://vitest.dev/guide/snapshot.html

exports[`Matches Snapshot 1`] = `
.emotion-1 {
  display: -webkit-box;
  display: -webkit-flex;
  display: -ms-flexbox;
  display: flex;
  -webkit-box-pack: center;
  -ms-flex-pack: center;
  -webkit-justify-content: center;
  justify-content: center;
  -webkit-flex-direction: column;
  -ms-flex-direction: column;
  flex-direction: column;
  position: relative;
  padding: 10px;
  overflow: hidden;
  -webkit-backdrop-filter: blur(10px);
  backdrop-filter: blur(10px);
  box-shadow: inset 0 0 0 200px rgba(255, 255, 255, 0.01);
  border: 1px solid rgba(255, 255, 255, 0.1);
  border-radius: var(--border-radius);
  min-height: 300px;
  grid-column: span 2;
  grid-row: span 2;
  -webkit-backdrop-filter: none;
  backdrop-filter: none;
}

.emotion-1>:not(.emotion-4) {
  -webkit-flex: 1;
  -ms-flex: 1;
  flex: 1;
}

.emotion-1 .leaflet-center {
  left: 0;
  right: 0;
  display: -webkit-box;
  display: -webkit-flex;
  display: -ms-flexbox;
  display: flex;
  -webkit-box-pack: center;
  -ms-flex-pack: center;
  -webkit-justify-content: center;
  justify-content: center;
}

.emotion-1 .leaflet-control {
  background-color: rgba(0, 0, 0, 0.75);
  -webkit-backdrop-filter: blur(10px);
  backdrop-filter: blur(10px);
  color: white;
  border-radius: var(--border-radius);
  overflow: hidden;
}

.emotion-1 .leaflet-custom-control,
.emotion-1 .leaflet-control-toggle {
  background-color: rgba(0, 0, 0, 0.75);
  -webkit-backdrop-filter: blur(10px);
  backdrop-filter: blur(10px);
  color: white;
  color: white!important;
  display: -webkit-box;
  display: -webkit-flex;
  display: -ms-flexbox;
  display: flex;
  -webkit-box-pack: center;
  -ms-flex-pack: center;
  -webkit-justify-content: center;
  justify-content: center;
  -webkit-align-items: center;
  -webkit-box-align: center;
  -ms-flex-align: center;
  align-items: center;
  min-width: 2rem;
  min-height: 2rem;
  border: none;
  --svg-size: 1.25rem;
}

.emotion-1 .leaflet-overlay-pane svg {
  width: unset;
}

@media screen and (min-width: 1100px) {
  .emotion-1 {
    grid-area: r;
  }
}

.emotion-3 {
  display: -webkit-box;
  display: -webkit-flex;
  display: -ms-flexbox;
  display: flex;
  -webkit-flex-direction: row;
  -ms-flex-direction: row;
  flex-direction: row;
  gap: 5px;
  font-size: 1rem;
  margin-bottom: 10px;
}

.emotion-5 {
  -webkit-filter: invert(1) hue-rotate(180deg);
  filter: invert(1) hue-rotate(180deg);
}

<div>
  <section
    class="emotion-0 emotion-1 emotion-2"
    data-testid="WIDGET_SECTION"
  >
    <h1
      class="emotion-3 emotion-4"
    >
      <span>
        Map
      </span>
       
      Radar
    </h1>
    <div>
      <span>
        MapContainer
      </span>
      <span
        class="emotion-5 emotion-6"
      >
        TileLayer
      </span>
      <span>
        ZoomControl
      </span>
      <span
        data-position="topleft"
        data-prefix="<a href="https://leafletjs.com/" title="A JavaScript library for interactive maps">Leaflet</a>"
      >
        AttributionControl
      </span>
      <span>
        AlertPolygons
      </span>
      <div
        data-position="leaflet-top leaflet-right"
      >
        <span>
          ControlPortal
        </span>
        <span>
          Home
        </span>
        <span>
          Locate
        </span>
        <span>
          Opacity
        </span>
      </div>
      <span>
        Peek
      </span>
      <span>
        RainViewer
      </span>
    </div>
  </section>
</div>
`;
