// Vitest Snapshot v1, https://vitest.dev/guide/snapshot.html

exports[`Ensemble 1`] = `
<div>
  <svg
    fill="currentColor"
    viewBox="0 0 16 16"
    xmlns="http://www.w3.org/2000/svg"
  >
    <path
      d="m15.314 5.1134c0.21387 0.175 0.24522 0.49031 0.07 0.704l-4.5 5.5c-0.18727 0.22858-0.53086 0.24576-0.74 0.037l-2.587-2.587-3.656 5.027c-0.39701 0.50483-1.1663-0.05497-0.808-0.588l4-5.5c0.18054-0.2487 0.54059-0.2772 0.758-0.06l2.609 2.61 4.15-5.073c0.175-0.21387 0.49031-0.24522 0.704-0.07m-1-4c0.21387 0.175 0.24522 0.49031 0.07 0.704l-4.5 5.5c-0.18727 0.22858-0.53086 0.24576-0.74 0.037l-2.587-2.587-3.656 5.027c-0.39701 0.50483-1.1663-0.05497-0.808-0.588l4-5.5c0.18054-0.2487 0.54059-0.2772 0.758-0.06l2.609 2.61 4.15-5.073c0.175-0.21387 0.49031-0.24522 0.704-0.07m-14.314-1.1134h1v15h15v1h-16zm14.817 3.113c0.21387 0.175 0.24522 0.49031 0.07 0.704l-4.5 5.5c-0.18727 0.22858-0.53086 0.24576-0.74 0.037l-2.587-2.587-3.656 5.027c-0.39701 0.50483-1.1663-0.05497-0.808-0.588l4-5.5c0.18054-0.2487 0.54059-0.2772 0.758-0.06l2.609 2.61 4.15-5.073c0.175-0.21387 0.49031-0.24522 0.704-0.07"
    />
  </svg>
</div>
`;

exports[`ExclamationTriangle 1`] = `
<div>
  <svg
    fill="red"
    viewBox="0 0 16 16"
    xmlns="http://www.w3.org/2000/svg"
  >
    <path
      d="M8.982 1.566a1.13 1.13 0 0 0-1.96 0L.165 13.233c-.457.778.091 1.767.98 1.767h13.713c.889 0 1.438-.99.98-1.767L8.982 1.566zM8 5c.535 0 .954.462.9.995l-.35 3.507a.552.552 0 0 1-1.1 0L7.1 5.995A.905.905 0 0 1 8 5zm.002 6a1 1 0 1 1 0 2 1 1 0 0 1 0-2z"
    />
  </svg>
</div>
`;

exports[`Spinner 1`] = `
<div>
  <svg
    stroke="currentcolor"
    viewBox="0 0 24 24"
    xmlns="http://www.w3.org/2000/svg"
  >
    <g
      style="transform-origin: center;"
    >
      <animatetransform
        attributeName="transform"
        attributeType="XML"
        dur="2s"
        from="0 0 0"
        repeatCount="indefinite"
        to="360 0 0"
        type="rotate"
      />
      <circle
        cx="12"
        cy="12"
        fill="none"
        r="9.5"
        stroke-linecap="round"
        stroke-width="3"
      >
        <animate
          attributeName="stroke-dasharray"
          dur="1.5s"
          keyTimes="0; 0.475; 1"
          repeatCount="indefinite"
          values="0 150; 42 150; 42 150"
        />
        <animate
          attributeName="stroke-dashoffset"
          dur="1.5s"
          keyTimes="0; 0.475; 1"
          repeatCount="indefinite"
          values="0; -16; -59"
        />
      </circle>
    </g>
  </svg>
</div>
`;

exports[`WifiOff 1`] = `
<div>
  <svg
    fill="currentColor"
    viewBox="0 0 16 16"
    xmlns="http://www.w3.org/2000/svg"
  >
    <path
      d="M10.706 3.294A12.545 12.545 0 0 0 8 3C5.259 3 2.723 3.882.663 5.379a.485.485 0 0 0-.048.736.518.518 0 0 0 .668.05A11.448 11.448 0 0 1 8 4c.63 0 1.249.05 1.852.148l.854-.854zM8 6c-1.905 0-3.68.56-5.166 1.526a.48.48 0 0 0-.063.745.525.525 0 0 0 .652.065 8.448 8.448 0 0 1 3.51-1.27L8 6zm2.596 1.404.785-.785c.63.24 1.227.545 1.785.907a.482.482 0 0 1 .063.745.525.525 0 0 1-.652.065 8.462 8.462 0 0 0-1.98-.932zM8 10l.933-.933a6.455 6.455 0 0 1 2.013.637c.285.145.326.524.1.75l-.015.015a.532.532 0 0 1-.611.09A5.478 5.478 0 0 0 8 10zm4.905-4.905.747-.747c.59.3 1.153.645 1.685 1.03a.485.485 0 0 1 .047.737.518.518 0 0 1-.668.05 11.493 11.493 0 0 0-1.811-1.07zM9.02 11.78c.238.14.236.464.04.66l-.707.706a.5.5 0 0 1-.707 0l-.707-.707c-.195-.195-.197-.518.04-.66A1.99 1.99 0 0 1 8 11.5c.374 0 .723.102 1.021.28zm4.355-9.905a.53.53 0 0 1 .75.75l-10.75 10.75a.53.53 0 0 1-.75-.75l10.75-10.75z"
    />
  </svg>
</div>
`;
