// Vitest Snapshot v1, https://vitest.dev/guide/snapshot.html

exports[`Matches snapshot 1`] = `
.emotion-0 {
  display: grid;
  gap: inherit;
}

<div>
  <div
    class="emotion-0 emotion-1"
  />
</div>
`;
