// Vitest Snapshot v1, https://vitest.dev/guide/snapshot.html

exports[`Renders a path for y1 prop 1`] = `
.emotion-0 {
  position: relative;
  border: 1px solid #ffffff19;
  border-radius: var(--border-radius);
  overflow: hidden;
  width: 100%;
  height: 100%;
  display: block;
}

<div>
  <svg
    class="emotion-0 emotion-1"
    preserveAspectRatio="xMidYMid meet"
    viewBox="0 0 0 0"
  >
    <path
      d="M40,-16.533C39.275,-16.8,38.551,-17.067,37.826,-17.067C37.101,-17.067,36.377,-15.822,35.652,-15.467C34.928,-15.111,34.203,-14.933,33.478,-14.933C32.754,-14.933,32.029,-20.267,31.304,-20.267C30.58,-20.267,29.855,-16.178,29.13,-15.467C28.406,-14.756,27.681,-14.4,26.957,-14.4C26.232,-14.4,25.507,-14.756,24.783,-14.933C24.058,-15.111,23.333,-15.467,22.609,-15.467C21.884,-15.467,21.159,-14.667,20.435,-13.867C19.71,-13.067,18.986,-12.444,18.261,-10.667C17.536,-8.889,16.812,-3.2,16.087,-3.2C15.362,-3.2,14.638,-3.2,13.913,-3.2C13.188,-3.2,12.464,4.8,11.739,8C11.014,11.2,10.29,14.133,9.565,16C8.841,17.867,8.116,17.511,7.391,19.2C6.667,20.889,5.942,26.133,5.217,26.133C4.493,26.133,3.768,25.956,3.043,25.6C2.319,25.244,1.594,24.444,0.87,22.933C0.145,21.422,-0.58,20.356,-1.304,16.533C-2.029,12.711,-2.754,4.444,-3.478,0C-4.203,-4.444,-4.928,-7.289,-5.652,-10.133C-6.377,-12.978,-7.101,-15.378,-7.826,-17.067C-8.551,-18.756,-9.275,-19.511,-10,-20.267"
      stroke-dasharray="0"
      stroke-dashoffset="0"
    />
  </svg>
</div>
`;

exports[`Renders a path for y2 prop 1`] = `
.emotion-0 {
  position: relative;
  border: 1px solid #ffffff19;
  border-radius: var(--border-radius);
  overflow: hidden;
  width: 100%;
  height: 100%;
  display: block;
}

<div>
  <svg
    class="emotion-0 emotion-1"
    preserveAspectRatio="xMidYMid meet"
    viewBox="0 0 0 0"
  >
    <path
      d="M40,-15.467C39.275,-11.2,38.551,-6.933,37.826,-6.933C37.101,-6.933,36.377,-11.733,35.652,-11.733C34.928,-11.733,34.203,-9.6,33.478,-9.6C32.754,-9.6,32.029,-13.867,31.304,-13.867C30.58,-13.867,29.855,-11.2,29.13,-9.067C28.406,-6.933,27.681,-1.067,26.957,-1.067C26.232,-1.067,25.507,-2.4,24.783,-4.8C24.058,-7.2,23.333,-15.467,22.609,-15.467C21.884,-15.467,21.159,-4.8,20.435,-4.8C19.71,-4.8,18.986,-9.067,18.261,-9.067C17.536,-9.067,16.812,-3.111,16.087,-0.533C15.362,2.044,14.638,4.533,13.913,6.4C13.188,8.267,12.464,7.822,11.739,10.667C11.014,13.511,10.29,38.933,9.565,38.933C8.841,38.933,8.116,32,7.391,32C6.667,32,5.942,35.2,5.217,35.2C4.493,35.2,3.768,33.867,3.043,33.067C2.319,32.267,1.594,31.733,0.87,30.4C0.145,29.067,-0.58,28.089,-1.304,25.067C-2.029,22.044,-2.754,16.089,-3.478,12.267C-4.203,8.444,-4.928,3.556,-5.652,2.133C-6.377,0.711,-7.101,1.422,-7.826,0C-8.551,-1.422,-9.275,-3.911,-10,-6.4"
      stroke-dasharray="0"
      stroke-dashoffset="0"
    />
  </svg>
</div>
`;
