// Vitest Snapshot v1, https://vitest.dev/guide/snapshot.html

exports[`Matches snapshot 1`] = `
.emotion-0 {
  -webkit-appearance: none;
  -moz-appearance: none;
  -ms-appearance: none;
  appearance: none;
  background: transparent;
  cursor: pointer;
  width: 100%;
}

.emotion-0::-webkit-slider-runnable-track {
  background-color: rgba(136, 136, 136, 0.5);
  border-radius: var(--border-radius);
}

.emotion-0::-webkit-slider-thumb {
  -webkit-appearance: none;
  -webkit-appearance: none;
  -moz-appearance: none;
  -ms-appearance: none;
  appearance: none;
  height: 10px;
  width: 10px;
  border-radius: var(--border-radius);
  background-color: #6498fa;
}

<div>
  <input
    class="emotion-0 emotion-1"
    max="100"
    min="0"
    step="1"
    type="range"
    value="50"
  />
</div>
`;
