// Vitest Snapshot v1, https://vitest.dev/guide/snapshot.html

exports[`Matches snapshot 1`] = `
.emotion-0 {
  display: -webkit-box;
  display: -webkit-flex;
  display: -ms-flexbox;
  display: flex;
  -webkit-box-pack: center;
  -ms-flex-pack: center;
  -webkit-justify-content: center;
  justify-content: center;
  -webkit-align-items: center;
  -webkit-box-align: center;
  -ms-flex-align: center;
  align-items: center;
  -webkit-flex-direction: column;
  -ms-flex-direction: column;
  flex-direction: column;
  position: fixed;
  inset: 0;
  text-align: center;
  --svg-size: 500px;
}

.emotion-0>div {
  display: -webkit-box;
  display: -webkit-flex;
  display: -ms-flexbox;
  display: flex;
  -webkit-box-pack: center;
  -ms-flex-pack: center;
  -webkit-justify-content: center;
  justify-content: center;
  -webkit-align-items: center;
  -webkit-box-align: center;
  -ms-flex-align: center;
  align-items: center;
  position: fixed;
  -webkit-flex-direction: column;
  -ms-flex-direction: column;
  flex-direction: column;
  -webkit-backdrop-filter: blur(10px);
  backdrop-filter: blur(10px);
  inset: 0;
  --svg-size: 50px;
}

@media screen and (max-width: 800px) {
  .emotion-0 {
    --svg-size: 300px;
  }
}

<div>
  <div
    class="emotion-0 emotion-1"
  >
    <p>
      Tornadic
    </p>
    <div>
      Test
    </div>
  </div>
</div>
`;
